I'm sorry, but errors were detected in your script. Please correct the
errors listed below, and try again.


File "game/script.rpy", line 370: expected end of line
    play dunas theme "audio/dunas theme.wav" fadeout 1.0 fadein 1.0
                     ^

Ren'Py Version: Ren'Py 7.5.3.22090809
Mon Feb 13 22:23:03 2023
